// Jest Snapshot v1, https://goo.gl/fbAQLP

exports[`Login should render the component 1`] = `
Object {
  "asFragment": [Function],
  "baseElement": <body>
    <div>
      <div>
        <h1
          class="text-3xl font-bold text-center"
          data-testid="login-heading"
        >
          Login
        </h1>
        <form>
          <div>
            <label
              class="text-center"
            >
              User
            </label>
            <div
              class="mt-1"
            >
              <input
                class="px-3 py-2 border w-full"
                data-testid="username"
                id="username"
                name="username"
                placeholder="User"
                type="text"
                value=""
              />
            </div>
          </div>
          <div
            class="mt-6"
          >
            <label
              class="text-center"
            >
              Password
            </label>
            <div
              class="mt-1"
            >
              <input
                class="px-3 py-2 border w-full"
                data-testid="password"
                id="password"
                name="password"
                placeholder="password"
                type="password"
                value=""
              />
            </div>
          </div>
          <div
            class="mt-6 text-center"
          >
            <button
              class="bg-sky-500 px-5 py-2.5 font-bold text-white"
              data-testid="submit"
              type="submit"
            >
              Login
            </button>
          </div>
        </form>
      </div>
    </div>
  </body>,
  "container": <div>
    <div>
      <h1
        class="text-3xl font-bold text-center"
        data-testid="login-heading"
      >
        Login
      </h1>
      <form>
        <div>
          <label
            class="text-center"
          >
            User
          </label>
          <div
            class="mt-1"
          >
            <input
              class="px-3 py-2 border w-full"
              data-testid="username"
              id="username"
              name="username"
              placeholder="User"
              type="text"
              value=""
            />
          </div>
        </div>
        <div
          class="mt-6"
        >
          <label
            class="text-center"
          >
            Password
          </label>
          <div
            class="mt-1"
          >
            <input
              class="px-3 py-2 border w-full"
              data-testid="password"
              id="password"
              name="password"
              placeholder="password"
              type="password"
              value=""
            />
          </div>
        </div>
        <div
          class="mt-6 text-center"
        >
          <button
            class="bg-sky-500 px-5 py-2.5 font-bold text-white"
            data-testid="submit"
            type="submit"
          >
            Login
          </button>
        </div>
      </form>
    </div>
  </div>,
  "debug": [Function],
  "findAllByAltText": [Function],
  "findAllByDisplayValue": [Function],
  "findAllByLabelText": [Function],
  "findAllByPlaceholderText": [Function],
  "findAllByRole": [Function],
  "findAllByTestId": [Function],
  "findAllByText": [Function],
  "findAllByTitle": [Function],
  "findByAltText": [Function],
  "findByDisplayValue": [Function],
  "findByLabelText": [Function],
  "findByPlaceholderText": [Function],
  "findByRole": [Function],
  "findByTestId": [Function],
  "findByText": [Function],
  "findByTitle": [Function],
  "getAllByAltText": [Function],
  "getAllByDisplayValue": [Function],
  "getAllByLabelText": [Function],
  "getAllByPlaceholderText": [Function],
  "getAllByRole": [Function],
  "getAllByTestId": [Function],
  "getAllByText": [Function],
  "getAllByTitle": [Function],
  "getByAltText": [Function],
  "getByDisplayValue": [Function],
  "getByLabelText": [Function],
  "getByPlaceholderText": [Function],
  "getByRole": [Function],
  "getByTestId": [Function],
  "getByText": [Function],
  "getByTitle": [Function],
  "queryAllByAltText": [Function],
  "queryAllByDisplayValue": [Function],
  "queryAllByLabelText": [Function],
  "queryAllByPlaceholderText": [Function],
  "queryAllByRole": [Function],
  "queryAllByTestId": [Function],
  "queryAllByText": [Function],
  "queryAllByTitle": [Function],
  "queryByAltText": [Function],
  "queryByDisplayValue": [Function],
  "queryByLabelText": [Function],
  "queryByPlaceholderText": [Function],
  "queryByRole": [Function],
  "queryByTestId": [Function],
  "queryByText": [Function],
  "queryByTitle": [Function],
  "rerender": [Function],
  "unmount": [Function],
}
`;
