// Jest Snapshot v1, https://goo.gl/fbAQLP

exports[`App should render the component 1`] = `
Object {
  "asFragment": [Function],
  "baseElement": <body>
    <div>
      <div
        class="container mx-auto py-4"
      >
        <div>
          <h1
            class="text-3xl font-bold mt-9"
            data-testid="login-heading"
          >
            Login
          </h1>
          <form>
            <div>
              <label
                class="block text-sm font-medium text-slate-700"
                for="username"
              >
                Username
              </label>
              <div
                class="mt-1"
              >
                <input
                  class="px-3 py-2 bg-white border shadow-sm border-slate-300 placeholder-slate-400  disabled:bg-slate-50 disabled:text-slate-500 disabled:border-slate-200 focus:outline-none focus:border-sky-500 focus:ring-sky-500 block w-full rounded-md sm:text-sm focus:ring-1 invalid:border-pink-500 invalid:text-pink-600 focus:invalid:border-pink-500 focus:invalid:ring-pink-500 disabled:shadow-none"
                  data-testid="username"
                  id="username"
                  name="username"
                  type="text"
                  value="sarahedo"
                />
              </div>
            </div>
            <div
              class="mt-6"
            >
              <label
                class="block text-sm font-medium text-slate-700"
                for="password"
              >
                Password
              </label>
              <div
                class="mt-1"
              >
                <input
                  class="px-3 py-2 bg-white border shadow-sm border-slate-300 placeholder-slate-400  disabled:bg-slate-50 disabled:text-slate-500 disabled:border-slate-200 focus:outline-none focus:border-sky-500 focus:ring-sky-500 block w-full rounded-md sm:text-sm focus:ring-1 invalid:border-pink-500 invalid:text-pink-600 focus:invalid:border-pink-500 focus:invalid:ring-pink-500 disabled:shadow-none"
                  data-testid="password"
                  id="password"
                  name="password"
                  type="password"
                  value="password123"
                />
              </div>
            </div>
            <div
              class="mt-6 text-right"
            >
              <button
                class="bg-sky-500 hover:bg-sky-700 px-5 py-2.5 text-sm leading-5 rounded-md font-semibold text-white"
                data-testid="submit"
                type="submit"
              >
                Login
              </button>
            </div>
          </form>
        </div>
      </div>
    </div>
  </body>,
  "container": <div>
    <div
      class="container mx-auto py-4"
    >
      <div>
        <h1
          class="text-3xl font-bold mt-9"
          data-testid="login-heading"
        >
          Login
        </h1>
        <form>
          <div>
            <label
              class="block text-sm font-medium text-slate-700"
              for="username"
            >
              Username
            </label>
            <div
              class="mt-1"
            >
              <input
                class="px-3 py-2 bg-white border shadow-sm border-slate-300 placeholder-slate-400  disabled:bg-slate-50 disabled:text-slate-500 disabled:border-slate-200 focus:outline-none focus:border-sky-500 focus:ring-sky-500 block w-full rounded-md sm:text-sm focus:ring-1 invalid:border-pink-500 invalid:text-pink-600 focus:invalid:border-pink-500 focus:invalid:ring-pink-500 disabled:shadow-none"
                data-testid="username"
                id="username"
                name="username"
                type="text"
                value="sarahedo"
              />
            </div>
          </div>
          <div
            class="mt-6"
          >
            <label
              class="block text-sm font-medium text-slate-700"
              for="password"
            >
              Password
            </label>
            <div
              class="mt-1"
            >
              <input
                class="px-3 py-2 bg-white border shadow-sm border-slate-300 placeholder-slate-400  disabled:bg-slate-50 disabled:text-slate-500 disabled:border-slate-200 focus:outline-none focus:border-sky-500 focus:ring-sky-500 block w-full rounded-md sm:text-sm focus:ring-1 invalid:border-pink-500 invalid:text-pink-600 focus:invalid:border-pink-500 focus:invalid:ring-pink-500 disabled:shadow-none"
                data-testid="password"
                id="password"
                name="password"
                type="password"
                value="password123"
              />
            </div>
          </div>
          <div
            class="mt-6 text-right"
          >
            <button
              class="bg-sky-500 hover:bg-sky-700 px-5 py-2.5 text-sm leading-5 rounded-md font-semibold text-white"
              data-testid="submit"
              type="submit"
            >
              Login
            </button>
          </div>
        </form>
      </div>
    </div>
  </div>,
  "debug": [Function],
  "findAllByAltText": [Function],
  "findAllByDisplayValue": [Function],
  "findAllByLabelText": [Function],
  "findAllByPlaceholderText": [Function],
  "findAllByRole": [Function],
  "findAllByTestId": [Function],
  "findAllByText": [Function],
  "findAllByTitle": [Function],
  "findByAltText": [Function],
  "findByDisplayValue": [Function],
  "findByLabelText": [Function],
  "findByPlaceholderText": [Function],
  "findByRole": [Function],
  "findByTestId": [Function],
  "findByText": [Function],
  "findByTitle": [Function],
  "getAllByAltText": [Function],
  "getAllByDisplayValue": [Function],
  "getAllByLabelText": [Function],
  "getAllByPlaceholderText": [Function],
  "getAllByRole": [Function],
  "getAllByTestId": [Function],
  "getAllByText": [Function],
  "getAllByTitle": [Function],
  "getByAltText": [Function],
  "getByDisplayValue": [Function],
  "getByLabelText": [Function],
  "getByPlaceholderText": [Function],
  "getByRole": [Function],
  "getByTestId": [Function],
  "getByText": [Function],
  "getByTitle": [Function],
  "queryAllByAltText": [Function],
  "queryAllByDisplayValue": [Function],
  "queryAllByLabelText": [Function],
  "queryAllByPlaceholderText": [Function],
  "queryAllByRole": [Function],
  "queryAllByTestId": [Function],
  "queryAllByText": [Function],
  "queryAllByTitle": [Function],
  "queryByAltText": [Function],
  "queryByDisplayValue": [Function],
  "queryByLabelText": [Function],
  "queryByPlaceholderText": [Function],
  "queryByRole": [Function],
  "queryByTestId": [Function],
  "queryByText": [Function],
  "queryByTitle": [Function],
  "rerender": [Function],
  "unmount": [Function],
}
`;
